[ 1/42] busan-haeundae                     OK  31585B
[ 2/42] busan-gwangalli-night              OK  31099B
[ 3/42] busan-oncheoncheon                 OK  74957B
[ 4/42] busan-samnak-lsd                   OK  45208B
[ 5/42] busan-songdo-cloud                 OK  38218B
[ 6/42] jeju-yongdam-coast                 OK  39571B
[ 7/42] jeju-saryeoni                      OK  91738B
[ 8/42] daejeon-gapcheon                   OK  24744B
[ 9/42] daejeon-gyejoksan                  OK  60430B
[10/42] sejong-eung-bridge                 OK  38979B
[11/42] cheongju-musimcheon                OK  69912B
[12/42] cheonan-gokgyocheon                OK  59972B
[13/42] chuncheon-uiamho                   OK  34065B
[14/42] chuncheon-gongjicheon              OK  49843B
[15/42] gangneung-gyeongpo                 OK  39052B
[16/42] gangneung-anmok-sunrise            OK  33447B
[17/42] sokcho-yeongnangho                 OK  41157B
[18/42] daegu-sincheon                     OK  64620B
[19/42] daegu-jinbatgol-uphill             OK  48975B
[20/42] ulsan-taehwagang                   OK  54192B
[21/42] pohang-yeongildae                  OK  35211B
[22/42] changwon-yongji                    OK  26073B
[23/42] changwon-jinhae-dreamroad          OK  45954B
[24/42] gyeongju-bomunho                   OK  48691B
[25/42] gwangju-gwangjucheon               OK  51900B
[26/42] jeonju-jeonjucheon-dawn            OK  46983B
[27/42] jeonju-deokjin                     OK  30286B
[28/42] mokpo-pyeonghwa-20k                OK  25523B
[29/42] yeosu-expo-9k                      OK  31135B
[30/42] suncheon-dongcheon                 OK  65193B
[31/42] seoul-banpo-10k                    OK  37635B
[32/42] seoul-yeouido-5k                   OK  65273B
[33/42] seoul-namsan-loop                  OK  28469B
[34/42] seoul-olympic-loop                 OK  40033B
[35/42] seoul-ttukseom-7k                  OK  30183B
[36/42] seoul-gyeongui-morning             OK  44133B
[37/42] incheon-songdo-loop                OK  42874B
[38/42] incheon-arabaetgil-lsd             OK  25153B
[39/42] goyang-ilsan-lake                  OK  24260B
[40/42] suwon-gwanggyo-lake                OK  27276B
[41/42] suwon-hwaseong-wall                OK  35211B
[42/42] seongnam-tancheon                  OK  25774B
완료 — 성공 42 / 실패 0
